问题 3 验证套件　（模型：附录 3 变参数热质耦合 + 自适应步长 + 分级网格）
生成时间尺度：自适应 60→300 s；输出节拍 60 s；基准 N = 20

计算参考解（均匀步长）……
  均匀 Δt = 1 s 完成，耗时 66.0 s
  均匀 Δt = 60 s 完成，耗时 1.3 s
  自适应求解完成，耗时 9.2 s（宏步 897 个，CN 步 23244 个）
  t_dry = 56.1777 h = 202239.73 s

==============================================================================
V1  时间步无关性（自适应+稠密输出 vs 均匀 60 s vs 均匀 1 s）
==============================================================================
  参考解：均匀 Δt = 1 s，N = 20（精确对齐比较 3373 个 60 s 时刻，t ≤ 56.20 h）
  时刻                     自适应 / 1s     均匀60s / 1s
  t =  0.5 h      3.067e-08    4.534e-05
  t =  1.0 h      8.493e-09    1.255e-05
  t =  2.0 h      4.272e-09    6.105e-06
  t =  3.0 h      1.023e-09    1.517e-06
  t =  4.0 h      1.503e-09    2.307e-06
  t =  6.0 h      5.349e-09    1.388e-06
  t = 12.0 h      9.448e-09    6.872e-07
  t = 18.0 h      8.573e-09    3.306e-07
  t = 24.0 h      9.909e-09    1.799e-07
  t = 30.0 h      1.247e-08    1.122e-07
  t = 36.0 h      1.337e-08    7.716e-08
  t = 42.0 h      1.773e-08    5.678e-08
  t = 48.0 h      1.774e-08    4.385e-08
  t = 54.0 h      1.651e-08    3.510e-08
  t = 56.0 h      1.601e-08    3.280e-08
  ------------------------------------------------------------
  全程最大偏差：自适应 = 3.765e-06 kg/kg（t = 0.02 h）；均匀 60 s = 6.267e-03 kg/kg
  逐时刻比较：自适应偏差更小的时刻占 3372 / 3373
  第 1 h 内最大偏差：自适应 = 3.765e-06，均匀 60 s = 6.267e-03（比值 1664.26）
  → 自适应步长把初始瞬变段的 60 s 口径误差压低了 1664.3 倍：
    该段 m 达上限 32，等效子步长 ~1.9 s，接近 1 s 参考解的分辨率。
  → 必须强调：这里的偏差是**同一空间网格（N = 20）**下纯时间离散的差异，量级 4e-06；
    而空间离散造成的 t_dry 差异达 ~1 h（V6/V7），故时间方向不是本题精度的瓶颈。
  t_dry：自适应 202239.73 s | 均匀60s 202239.41 s | 均匀1s 202239.51 s
        偏差：自适应 +0.22 s (+0.00 min) | 均匀60s -0.10 s (-0.00 min)
  → 注意：均匀 1 s 的 t_dry 并不更接近真值——它与自适应解同用 N=20 的空间网格，
    三者的差异只反映时间离散误差；空间离散误差（见 V6）才是主导。

==============================================================================
V2  稠密输出（三次 Hermite）插值误差
==============================================================================
  测试方法：取若干宏观步的起点状态，对步内每个 60 s 节拍点，
            (a) 用该宏观步的 Hermite 稠密输出取值；
            (b) 从同一起点状态以 Δt = 1 s 直接积分到该时刻。
            两者之差即纯粹的插值误差（同一物理、同一 CN 格式）。

    宏观步 t0/h      h/s     m    节拍点        max|ΔC|        max|ΔT|
         8.0    300.0    32      4      2.142e-10      7.674e-13
        20.0    300.0     8      4      1.713e-10      1.208e-13
        30.0    300.0     2      4      3.785e-10      4.619e-13
        40.0    300.0     2      4      9.677e-11      9.948e-13
        50.0    300.0     2      4      3.517e-11      4.121e-13

  全部抽样的最大插值误差 = 3.785e-10（kg/kg 或 °C 同量纲）
  → 插值项比 4 位小数输出所要求的 5e-5 低 5 个量级，稠密输出不是误差瓶颈

==============================================================================
V3  步长加倍法误差估计的可靠性
==============================================================================
  宏观步数 897；误差估计：中位数 4.209e-10，均值 8.154e-07，最大值 1.579e-05（t = 0.02 h，m = 32）
  误差估计分布（按 t 分段取最大值）：
    t ∈ [ 0.00,  0.05) h : max err = 1.579e-05，m 中位数 = 32（2 步）
    t ∈ [ 0.05,  1.00) h : max err = 4.996e-06，m 中位数 = 32（57 步）
    t ∈ [ 1.00,  4.00) h : max err = 8.867e-06，m 中位数 = 32（180 步）
    t ∈ [ 4.00, 12.00) h : max err = 5.574e-06，m 中位数 = 32（127 步）
    t ∈ [12.00, 24.00) h : max err = 6.036e-10，m 中位数 = 16（144 步）
    t ∈ [24.00, 40.00) h : max err = 6.118e-10，m 中位数 = 4（192 步）
    t ∈ [40.00, 56.00) h : max err = 3.540e-10，m 中位数 = 2（192 步）

  估计值 > 容差 1e-08 的步数：264 / 897（占 29.43%）
  这些步全部落在 t < 5.47 h（预热期 4.0 h 及其后约 1.5 h 的过渡段）：
    达到 m 上限 M_MAX = 32 的步数 = 403；超差步是否全部达到上限：是
    达上限步的最大估计值 = 1.579e-05
  即：'估计值 ≤ 容差'并非无条件成立，而是受子步数上限截断；
  该截断是有意为之——初值到恒温的 60 s 内表面 C 下降 0.18，
  无限细分收益递减。真实误差由 V4 的独立测量（端点对比）给出。
  稳态段的估计值普遍在 1e-12 量级，远低于 4 位小数输出所需的 5e-5。

==============================================================================
V4  宏观步端点误差（排除插值，只看 CN 格式）
==============================================================================
  h = 300 s 端点：max = 6.220e-07（t = 300.0 s），中位数 = 1.190e-08（675 点）
  h =  60 s 端点：max = 3.765e-06（t = 60.0 s），中位数 = 1.194e-08（2698 点）
  分位（h = 300 s 端点）：p50 = 1.19e-08，p90 = 1.78e-08，p99 = 2.04e-08，max = 6.22e-07
  超过 1e-3（空间离散误差量级）的 300 s 端点：0 / 675（占 0.0%）
        即 300 s 宏观步的纯格式误差全部低于空间离散误差量级。
  → 300 s 宏观步的纯格式误差中位数为 1.19e-08、p90 = 1.78e-08，
    低于空间离散误差（~1e-3，见 V6 与 problem3_grid.txt）。
    初始瞬变段（表面 C 在 60 s 内下降 0.18）残存的偏差由 V3 已说明的
    子步上限 M_MAX = 32 截断造成，是有意接受的设计取舍。

==============================================================================
V5  全局质量平衡
==============================================================================
  (a) 单步离散恒等式 Σw_j ΔC_j = -Δt·[θ 加权表面通量]
      单步残差：max = 9.186e-09，rms = 1.739e-10；累计残差 Σ|resid| = 1.994e-08
      单步相对残差（对 |ΔM| 归一）：max = 3.935e-03
      → 残差比 Picard/Newton 容差 1e-10 高约 2 个量级，是 picard_max = 3
        截断迭代留下的余量，而不是守恒性缺陷：内部界面通量在逐项求和中
        精确相消，只剩表面项，故该恒等式由格式结构保证。
        残差 1e-9 相对场值 ~2.55 与输出要求 5e-5 均可忽略。

  (b) 边界通量积分 -∫R h_m(C_N - C_inf)dt 的求积格式对比
      ΔM（体相含水积分，格式恒等式给出）      = -4.8562609378e-04
      梯形求积                                = -4.8564548138e-04（相对偏差 3.992e-05）
      复合 Simpson 求积                       = -4.8562733039e-04（相对偏差 2.546e-06）
      两种求积之差                            = 3.738e-05
      → 梯形法相对偏差与梯形-Simpson 之差同量级，说明这 4e-05 量级的偏差是
        60 s 节拍上的求积误差 O(Δt²)，而不是守恒性缺陷（见 (a)）。

==============================================================================
V6  空间网格收敛性与 t_dry 网格敏感性（均匀网格）
==============================================================================
      N    Δr / cm        t_dry / h     C_中心@t_dry        相邻差/h
     20     0.1000          56.1777       0.150000       0.0000
     40     0.0500          56.7055       0.150000       0.5278
     80     0.0250          56.9663       0.150000       0.2607
    160     0.0125          57.0866       0.150000       0.1203
  表观收敛阶（20/40/80）：p = 1.017
  表观收敛阶（40/80/160）：p = 1.116
  → t_dry 随 N 单调上升、相邻差缓慢减小，但表观阶仅 1.02~1.12，
    远未达到 Crank--Nicolson 的渐近二阶——空间误差不是渐近格式。
    原因：干燥末期 D(C) 在径向上跨两个量级，表面扩散边界层极薄（t=50 h 时
    C 在最后 0.003 cm 内由 0.078 降到 0.053），均匀网格需 Δr ~ 1e-5 m 才能分辨。
  完整收敛表与 Richardson 外推见 results/problem3_grid.txt；
  分级网格的加速效果见 V10。

==============================================================================
V7  终止时间判定对控制参数的稳健性
==============================================================================
  基准（Δt_out=60 s, k_max=5, tol=1e-8）：t_dry = 56.1777 h
  Δt_out=30 s                t_dry = 56.1777 h   偏差 -0.00 min  （CN 步 35074）
  Δt_out=120 s               t_dry = 56.1777 h   偏差 -0.00 min  （CN 步 15129）
  k_max=1（恒定 60 s）           t_dry = 56.1779 h   偏差 +0.01 min  （CN 步 26409）
  k_max=10（放大到 600 s）        t_dry = 56.1777 h   偏差 +0.00 min  （CN 步 21595）
  tol=1e-6（放宽 100 倍）         t_dry = 56.1777 h   偏差 -0.00 min  （CN 步 14905）
  → 时间方向的控制参数全部落在 ±0.01 min 内，t_dry 的不确定性来自空间网格。

==============================================================================
V8  准稳态（QS）外推与二分搜索的一致性
==============================================================================
  基准：二分精定位 t_dry = 56.1777 h
      起始/h       C_中心           冻结形状外推/h     误差/min           漂移修正外推/h     误差/min
        24     0.2366                inf        inf            56.2500      +4.34
        30     0.2045                inf        inf            56.2000      +1.34
        36     0.1845                inf        inf            56.1833      +0.34
        42     0.1706                inf        inf            56.1833      +0.34
        48     0.1604            73.7125    +1052.1            56.1833      +0.34
        52     0.1549            58.3725     +131.7            56.1833      +0.34
        54     0.1525            56.8436      +40.0            56.1833      +0.34
  冻结形状外推：偏差达 40 min，即该口径在本题的末期已不可用；
        原因是 QS 平衡浓度 C_eq = 0.1423 只略低于判据 0.15，指数式对其极敏感。
  计入形状漂移后，自 36 h 起的 5 个起点：外推误差 |max| = 0.34 min，
        偏差区间 +0.34 ~ +0.34 min，远小于冻结形状口径，
        可作为二分搜索的独立校核（两者误差来源不同）。
  → 自 36 h 起漂移修正外推与二分结果一致到 0.34 min 以内。

==============================================================================
V9  “各处达标”判据核查：最迟达标位置
==============================================================================
  判据是 max_r C < 0.15，其等价形式是“每个节点的达标时刻的最大值”。
  因此真正决定终止时间的是**最迟达标的节点**，而不是 argmax_r C。

  r / cm        节点号           首次达标/s         首次达标/h
     0.0          0         202260.0        56.1833
     0.4          4         197280.0        54.8000
     0.8          8         181980.0        50.5500
     1.2         12         155340.0        43.1500
     1.6         16         113760.0        31.6000
     2.0         20          45300.0        12.5833
  最迟达标节点：j = 0（r = 0.00 cm），t = 202260.0 s
  → 最迟达标节点恒为中心 r = 0，故“各处低于 0.15”等价于“中心低于 0.15”，
    与 max_r C 的定义一致（两者都取在中心）。

  另注：argmax_r C 在 3 / 3373 个时刻取在非中心节点。
        这些时刻全部落在 t ≤ 180.0 s（0.05 h）的初始瞬变段；
        该段内 C 在径向上接近均匀：场幅度 max-min 的中位数 = 2.804e-01，
        最大 = 3.516e-01；而最大与次大的间隙中位数仅 1.776e-15（浮点噪声量级）。
        即：此处 C 基本是平台值，argmax 由舍入决定，随 N 与步长变化；
        它不影响判据——判据取'最迟达标节点'，已由上方表格确认为中心。

==============================================================================
V10 分级网格 r = R[1-(1-ξ)^q] 的实现正确性
==============================================================================
  (a) 退化一致性：新建模的分级网格算子在 q = 1 时应逐位复现问题 2 的均匀算子
      V 权重        max|Δ| = 5.421e-20
      热算子 a/b/c  max|Δ| = 7.772e-16 / 1.610e-15 / 1.166e-15；gT 偏差 = 4.163e-17
      传质算子      max|Δ| = 7.654e-17
      传质雅可比    max|Δ| = 5.329e-15
      冻结系数算子  max|Δ| = 5.329e-15
      → 全部在双精度舍入水平（≤ 1e-13），问题 3 的网格推广不改变问题 1/2 的格式。
  (b) graded(q=1) 与 uniform 的网格度量逐位相同：max|Δ| = 0.000e+00
  (c) 守恒权重恒等式 Σ_j V_j = R²/2（精确）：
      uniform q=1.0  |ΣV - R²/2| = 0.000e+00
      graded  q=1.5  |ΣV - R²/2| = 0.000e+00
      graded  q=2.0  |ΣV - R²/2| = 0.000e+00
      graded  q=3.0  |ΣV - R²/2| = 2.711e-20
  (d) 分辨能力：末期表面扩散边界层厚度约 3e-5 m
      网格                 N     Δr_min/m    Δr_max/cm      层内单元数
      uniform q=1.0     20    1.000e-03       0.1000          0
      uniform q=1.0    640    3.125e-05       0.0031          0
      graded q=1.5      20    2.236e-04       0.1481          0
      graded q=2.0      40    1.250e-05       0.0988          1
      graded q=2.0      60    5.556e-06       0.0661          3
      graded q=3.0      40    3.125e-07       0.1463          6
      → 分级 q=2：N=40（41 个节点）在 3e-5 m 边界层内放 1 个单元，N=60 放 3 个；
        而均匀网格即使在 N=640 时 Δr = 3.125e-05 m 已恰等于该层厚度，层内单元数仍为 0。
        即均匀网格是"跨过"而非"分辨"这层薄层——这正是 V6 中 t_dry 空间
        收敛缓慢（表观阶仅约 1.0）的直接原因，也是分级网格的收益来源。
      （各网格的 t_dry 实测对比见 results/problem3_grid.txt 与 V6/V7 输出。）

==============================================================================
V11 输出降采样误差（细网格解为基准）
==============================================================================
  基准：N = 1280 均匀网格（Δr = 1.5625e-5 m）在 t = 55.0 h 的剖面，
        用其 0.1 cm 处的节点值作为“真值”。
  源网格                        N max|ΔC| (PCHIP)   max|ΔC| (线性)
  uniform                   20      5.600e-03      5.600e-03
  uniform                   80      1.072e-03      1.072e-03
  graded q=2                40      7.797e-05      9.334e-05
  graded q=2                60      2.533e-05      5.481e-05

  → 均匀网格的节点与 0.1 cm 输出网格对齐（N 为 20、80 时 0.1 cm 恰为节点），
    故 PCHIP 与线性插值给出完全相同的偏差，插值不引入额外误差；
    分级网格节点不对齐，此时 PCHIP（保单调、无过冲）一致地优于线性插值：
    N=40 时 7.8e-05 vs 9.3e-05，N=60 时 2.5e-05 vs 5.5e-05（约 2 倍），
    且线性插值的偏差在两行中系统性更大，方向与"在陡峭表面薄层内抬高质量"一致。
  交付口径采用 N = 640 均匀网格（Δr = 3.125e-05 m，恰为 0.1 cm 网格的 1/32，
  节点严格对齐），故 result3.xlsx 的降采样不引入插值误差；PCHIP 用于分级
  网格的交叉校核与图件绘制。

总耗时 377.8 s

已写入 C:\Users\lenovo\Desktop\数学建模\results\problem3_verification.txt
